// Jest Snapshot v1, https://goo.gl/fbAQLP

exports[`Alert.vue show be show by default 1`] = `
  <div class="mu-alert"></div>
`;
